sat
Error: invalid input
sat
unsat
Error: invalid input 2
unsat
unsat
unsat
unsat
sat
unsat
unsat
sat
sat
unsat
sat
sat
unsat
Error: invalid input 2
sat
