sat
sat
sat
sat
sat
sat
sat
Error: invalid input
sat
Error: invalid input
Error: invalid input
Error: invalid input
Error: invalid input
Error: invalid input
