1*2*-1im assignment 1
unsat
1*(2*(-1*1)+3)*(3*-3)im assignment 1
unsat
1*(2*-1+3)im assignment 1
sat
1*-(1+2)*3*2*2*1+(3+(1+1)+1*3)+3im assignment 1
sat
1*-(1+2)*3*2*2*1im assignment 1
unsat
-((1*(-2*3)*((3*3*3+3+3)+2*3*3*3))*(3*1))im assignment 0
sat
(-((1*(-2*3)*((3*3)+2*3*3*3))*(3*1)))*1*(3+1+1)*(3+2*3)*(1)*(1*-(2)+2*1+1+2)im assignment 0
Error: invalid input
(-((1*(-2*3)*(-3))*(3*1)))*1*(1)*(3+2*3)*(1)*(1*-(2))*(3*2)im assignment 0
Error: invalid input
Error: invalid input
qwerttyuqe1im assignment 0
(1+1+1)*2+(-(3*2)+(2+3)+3*1)*(3)im assignment 0
Error: invalid input
